info Installing dependencies...
info 
Scope: all 3 workspace projects
../..                                    | Progress: resolved 1, reused 0, downloaded 0, added 0
../..                                    | Progress: resolved 28, reused 27, downloaded 0, added 0
../..                                    | Progress: resolved 67, reused 66, downloaded 0, added 0
../..                                    | Progress: resolved 203, reused 176, downloaded 0, added 0
../..                                    | Progress: resolved 311, reused 264, downloaded 0, added 0
../..                                    | Progress: resolved 407, reused 360, downloaded 0, added 0
../..                                    | Progress: resolved 528, reused 481, downloaded 0, added 0
../..                                    | Progress: resolved 566, reused 519, downloaded 0, added 0
../..                                    | +523 ++++++++++++++++++++++++++++++++
../..                                    | Progress: resolved 570, reused 523, downloaded 0, added 371
../..                                    | Progress: resolved 570, reused 523, downloaded 0, added 523, done

dependencies:
+ vue 3.5.22

devDependencies:
+ @chromatic-com/storybook 4.1.2
+ @storybook/addon-docs 10.0.2
+ @storybook/addon-onboarding 10.0.2
+ @storybook/vue3-vite 10.0.2
+ storybook 10.0.2
+ vite 7.1.12

╭ Warning ─────────────────────────────────────────────────────────────────────╮
│                                                                              │
│   Ignored build scripts: esbuild.                                            │
│   Run "pnpm approve-builds" to pick which dependencies should be allowed     │
│   to run scripts.                                                            │
│                                                                              │
╰──────────────────────────────────────────────────────────────────────────────╯

Done in 10.5s using pnpm v10.18.3
info Dependencies installed
╭───────────────────────────────────────────────────────╮
│                                                       │
│   Adding Storybook version 10.0.2 to your project..   │
│                                                       │
╰───────────────────────────────────────────────────────╯
(node:57240) [MODULE_TYPELESS_PACKAGE_JSON] Warning: Module type of file:///home/henri/Documentos/evo/evomonorepo/packages/ui/.storybook/main.js is not specified and it doesn't parse as CommonJS.
Reparsing as ES module because module syntax was detected. This incurs a performance overhead.
To eliminate this warning, add "type": "module" to /home/henri/Documentos/evo/evomonorepo/packages/ui/package.json.
(Use `node --trace-warnings ...` to show where the warning was created)
 • Detecting project type. ✓
 • Detected Vite project. Setting builder to Vite. ✓
 • Adding Storybook support to your "Vue 3" app
- Getting the correct version of 0 packages
✔ Getting the correct version of 0 packages
[38;2;241;97;97m
     Error: Cannot find @storybook/vue3-vite/package.json, Error [ERR_MODULE_NOT_FOUND]: Cannot find package '@storybook/vue3-vite' imported from /home/henri/.npm/_npx/9b0b0076267bcdcc/node_modules/storybook/dist/_node-chunks/chunk-VOOIMEQA.js
    at Object.getPackageJSONURL (node:internal/modules/package_json_reader:266:9)
    at packageResolve (node:internal/modules/esm/resolve:767:81)
    at moduleResolve (node:internal/modules/esm/resolve:853:18)
    at defaultResolve (node:internal/modules/esm/resolve:983:11)
    at nextResolve (node:internal/modules/esm/hooks:748:28)
    at Hooks.resolve (node:internal/modules/esm/hooks:240:30)
    at MessagePort.handleMessage (node:internal/modules/esm/worker:199:24)
    at [nodejs.internal.kHybridDispatch] (node:internal/event_target:827:20)
    at MessagePort.<anonymous> (node:internal/per_context/messageport:23:28)

Error: Command failed with exit code 1: pnpm config get registry
npm error code ENOWORKSPACES
npm error This command does not support workspaces.
npm error A complete log of this run can be found in: /home/henri/.npm/_logs/2025-10-31T01_23_45_586Z-debug-0.log
    at makeError (file:///home/henri/.npm/_npx/9b0b0076267bcdcc/node_modules/storybook/dist/_node-chunks/chunk-AQXXWN5J.js:3655:13)
    at handlePromise (file:///home/henri/.npm/_npx/9b0b0076267bcdcc/node_modules/storybook/dist/_node-chunks/chunk-AQXXWN5J.js:4586:29)
    at process.processTicksAndRejections (node:internal/process/task_queues:105:5)
    at async PNPMProxy.getRegistryURL (file:///home/henri/.npm/_npx/9b0b0076267bcdcc/node_modules/storybook/dist/_node-chunks/chunk-TLGQ3DFY.js:13357:26)
    at async resolveUsingBranchInstall (file:///home/henri/.npm/_npx/9b0b0076267bcdcc/node_modules/storybook/dist/_node-chunks/chunk-7ARNGY5C.js:990:15)
    at async getRendererDir (file:///home/henri/.npm/_npx/9b0b0076267bcdcc/node_modules/storybook/dist/_node-chunks/chunk-7ARNGY5C.js:1015:12)
    at async templatePath (file:///home/henri/.npm/_npx/9b0b0076267bcdcc/node_modules/storybook/dist/_node-chunks/chunk-7ARNGY5C.js:1255:21)
    at async copyTemplateFiles (file:///home/henri/.npm/_npx/9b0b0076267bcdcc/node_modules/storybook/dist/_node-chunks/chunk-7ARNGY5C.js:1279:12)
    at async baseGenerator (file:///home/henri/.npm/_npx/9b0b0076267bcdcc/node_modules/create-storybook/dist/_node-chunks/chunk-MFV5FQH2.js:16695:5)
    at async generator (file:///home/henri/.npm/_npx/9b0b0076267bcdcc/node_modules/create-storybook/dist/_node-chunks/chunk-MFV5FQH2.js:17094:3)
    at getRendererDir (file:///home/henri/.npm/_npx/9b0b0076267bcdcc/node_modules/storybook/dist/_node-chunks/chunk-7ARNGY5C.js:1020:9)
    at process.processTicksAndRejections (node:internal/process/task_queues:105:5)
    at async templatePath (file:///home/henri/.npm/_npx/9b0b0076267bcdcc/node_modules/storybook/dist/_node-chunks/chunk-7ARNGY5C.js:1255:21)
    at async copyTemplateFiles (file:///home/henri/.npm/_npx/9b0b0076267bcdcc/node_modules/storybook/dist/_node-chunks/chunk-7ARNGY5C.js:1279:12)
    at async baseGenerator (file:///home/henri/.npm/_npx/9b0b0076267bcdcc/node_modules/create-storybook/dist/_node-chunks/chunk-MFV5FQH2.js:16695:5)
    at async generator (file:///home/henri/.npm/_npx/9b0b0076267bcdcc/node_modules/create-storybook/dist/_node-chunks/chunk-MFV5FQH2.js:17094:3)
    at async installStorybook (file:///home/henri/.npm/_npx/9b0b0076267bcdcc/node_modules/create-storybook/dist/_node-chunks/chunk-MFV5FQH2.js:17566:12)
    at async doInitiate (file:///home/henri/.npm/_npx/9b0b0076267bcdcc/node_modules/create-storybook/dist/_node-chunks/chunk-MFV5FQH2.js:17896:25)
    at async withTelemetry (file:///home/henri/.npm/_npx/9b0b0076267bcdcc/node_modules/storybook/dist/_node-chunks/chunk-CJ3GT3HG.js:278:12)
    at async initiate (file:///home/henri/.npm/_npx/9b0b0076267bcdcc/node_modules/create-storybook/dist/_node-chunks/chunk-MFV5FQH2.js:18007:26)[39m
